2026-08-26 14:48:25.620 | INFO     | practice_logging:main_page:11 - Hello from the root path
2026-08-26 14:48:25.621 | INFO     | practice_logging:hello_world:17 - hello() called!
2026-08-26 15:02:47.779 | INFO     | practice_logging:main_page:11 - Hello from the root path
2026-08-26 15:02:47.779 | INFO     | practice_logging:hello_world:17 - hello() called!
2026-08-26 15:02:48.588 | INFO     | practice_logging:main_page:11 - Hello from the root path
2026-08-26 15:02:48.588 | INFO     | practice_logging:hello_world:17 - hello() called!
2026-08-26 15:03:19.113 | INFO     | practice_logging:main_page:11 - Hello from the root path
2026-08-26 15:03:19.114 | INFO     | practice_logging:hello_world:17 - hello() called!
2026-08-26 15:03:22.882 | INFO     | practice_logging:main_page:11 - Hello from the root path
2026-08-26 15:03:22.883 | INFO     | practice_logging:hello_world:17 - hello() called!
Log: [e0913b6a-388f-400f-a597-634cea6bc2ca:2026-08-26T15:04:16.673044+0600 - INFO - Successfully accessed /]
Log: [40e2b1e4-d99e-4bb4-b1ee-61cbd12a78b0:2026-08-26T15:04:23.096244+0600 - WARNING - Request to /test failed]
Log: [82f60f95-c785-4695-adf7-b032de878c0d:2026-09-01T19:37:48.390865+0600 - INFO - Successfully accessed /]
Log: [b8802bd4-9bb0-4a8c-8b03-9dea5c16b2c1:2026-09-01T13:48:42.019117+0000 - INFO - Successfully accessed /]
Log: [1786e337-4ee9-4d1d-94c6-ba5730fef29d:2026-09-01T13:48:42.316758+0000 - WARNING - Request to /favicon.ico failed]
Log: [10f131de-9a62-47e0-abbd-4850863c7099:2026-09-02T17:33:24.144865+0600 - INFO - Successfully accessed /docs]
Log: [04cc21bd-e74c-42a2-be3b-54c061859369:2026-09-02T17:33:25.859684+0600 - INFO - Successfully accessed /openapi.json]
Log: [42843cd0-da3d-4f6c-a840-efe0a2fe9dc8:2026-09-02T17:33:25.933107+0600 - INFO - Successfully accessed /docs]
Log: [9b2db585-d1a0-4e8a-b587-0b26d5332d3c:2026-09-02T17:33:26.126077+0600 - INFO - Successfully accessed /openapi.json]
Log: [c30045df-50c6-4da2-8ebb-4db2855fb241:2026-09-02T17:34:00.043317+0600 - ERROR - Request to /categories/ failed: [Errno 8] nodename nor servname provided, or not known]
Log: [0c5dd058-ed8a-498a-a95b-3be8fd43f5d4:2026-09-02T12:07:40.235581+0000 - INFO - Successfully accessed /docs]
Log: [25f633c4-4eb5-45b4-bab7-5c6835c85b01:2026-09-02T12:07:41.249780+0000 - INFO - Successfully accessed /openapi.json]
Log: [d2ae6b3f-afc1-445f-bdae-76169d480005:2026-09-02T12:07:50.839387+0000 - INFO - Successfully accessed /categories/]
